MPLINK 4.35, Linker
Linker Map File - Created Fri May 31 10:15:05 2019

                                 Section Info
                  Section       Type    Address   Location Size(Bytes)
                ---------  ---------  ---------  ---------  ---------
                   .org_0       code   0x000000    program   0x00012a
                   .cinit    romdata   0x000095    program   0x000004
.config_2007_ELEVATOR_NEW.O       code   0x002007    program   0x000002



                              Program Memory Usage 
                               Start         End      
                           ---------   ---------      
                            0x000000    0x000096      
                            0x002007    0x002007      
            152 out of 2183 program addresses used, program memory utilization is 6%



                              Symbols - Sorted by Name
                     Name    Address   Location    Storage File                     
                ---------  ---------  ---------  --------- ---------                
                   ATRASO   0x00007d    program     static C:\Users\1517901_ins\Documents\PIC\elevator_project\elevator_new.asm
                  ATRASO1   0x00007f    program     static C:\Users\1517901_ins\Documents\PIC\elevator_project\elevator_new.asm
                  ATRASO2   0x000085    program     static C:\Users\1517901_ins\Documents\PIC\elevator_project\elevator_new.asm
                  ATRASO3   0x00008c    program     static C:\Users\1517901_ins\Documents\PIC\elevator_project\elevator_new.asm
        BOTAO_PRESSIONADO   0x000093    program     static C:\Users\1517901_ins\Documents\PIC\elevator_project\elevator_new.asm
                   INICIO   0x000001    program     static C:\Users\1517901_ins\Documents\PIC\elevator_project\elevator_new.asm
            PRIMEIROANDAR   0x000025    program     static C:\Users\1517901_ins\Documents\PIC\elevator_project\elevator_new.asm
              QUARTOANDAR   0x00005e    program     static C:\Users\1517901_ins\Documents\PIC\elevator_project\elevator_new.asm
                   REPETE   0x00000b    program     static C:\Users\1517901_ins\Documents\PIC\elevator_project\elevator_new.asm
             SEGUNDOANDAR   0x000032    program     static C:\Users\1517901_ins\Documents\PIC\elevator_project\elevator_new.asm
                      TER   0x00001d    program     static C:\Users\1517901_ins\Documents\PIC\elevator_project\elevator_new.asm
            TERCEIROANDAR   0x000045    program     static C:\Users\1517901_ins\Documents\PIC\elevator_project\elevator_new.asm
              TESTA_BOTAO   0x00008f    program     static C:\Users\1517901_ins\Documents\PIC\elevator_project\elevator_new.asm



                              Symbols - Sorted by Address
                     Name    Address   Location    Storage File                     
                ---------  ---------  ---------  --------- ---------                
                   INICIO   0x000001    program     static C:\Users\1517901_ins\Documents\PIC\elevator_project\elevator_new.asm
                   REPETE   0x00000b    program     static C:\Users\1517901_ins\Documents\PIC\elevator_project\elevator_new.asm
                      TER   0x00001d    program     static C:\Users\1517901_ins\Documents\PIC\elevator_project\elevator_new.asm
            PRIMEIROANDAR   0x000025    program     static C:\Users\1517901_ins\Documents\PIC\elevator_project\elevator_new.asm
             SEGUNDOANDAR   0x000032    program     static C:\Users\1517901_ins\Documents\PIC\elevator_project\elevator_new.asm
            TERCEIROANDAR   0x000045    program     static C:\Users\1517901_ins\Documents\PIC\elevator_project\elevator_new.asm
              QUARTOANDAR   0x00005e    program     static C:\Users\1517901_ins\Documents\PIC\elevator_project\elevator_new.asm
                   ATRASO   0x00007d    program     static C:\Users\1517901_ins\Documents\PIC\elevator_project\elevator_new.asm
                  ATRASO1   0x00007f    program     static C:\Users\1517901_ins\Documents\PIC\elevator_project\elevator_new.asm
                  ATRASO2   0x000085    program     static C:\Users\1517901_ins\Documents\PIC\elevator_project\elevator_new.asm
                  ATRASO3   0x00008c    program     static C:\Users\1517901_ins\Documents\PIC\elevator_project\elevator_new.asm
              TESTA_BOTAO   0x00008f    program     static C:\Users\1517901_ins\Documents\PIC\elevator_project\elevator_new.asm
        BOTAO_PRESSIONADO   0x000093    program     static C:\Users\1517901_ins\Documents\PIC\elevator_project\elevator_new.asm


