MPLINK 4.35, Linker
Linker Map File - Created Thu May 23 20:17:34 2019

                                 Section Info
                  Section       Type    Address   Location Size(Bytes)
                ---------  ---------  ---------  ---------  ---------
                   .org_0       code   0x000000    program   0x00010c
                   .cinit    romdata   0x000086    program   0x000004
  .config_2007_ELEVATOR.O       code   0x002007    program   0x000002



                              Program Memory Usage 
                               Start         End      
                           ---------   ---------      
                            0x000000    0x000087      
                            0x002007    0x002007      
            137 out of 2183 program addresses used, program memory utilization is 6%



                              Symbols - Sorted by Name
                     Name    Address   Location    Storage File                     
                ---------  ---------  ---------  --------- ---------                
                   ATRASO   0x000076    program     static C:\Users\James1515\Desktop\elevator_project\elevator.asm
                  ATRASO1   0x00007c    program     static C:\Users\James1515\Desktop\elevator_project\elevator.asm
                  ATRASO2   0x000080    program     static C:\Users\James1515\Desktop\elevator_project\elevator.asm
                  ATRASO3   0x000083    program     static C:\Users\James1515\Desktop\elevator_project\elevator.asm
                   INICIO   0x000001    program     static C:\Users\James1515\Desktop\elevator_project\elevator.asm
            PRIMEIROANDAR   0x00001e    program     static C:\Users\James1515\Desktop\elevator_project\elevator.asm
              QUARTOANDAR   0x000057    program     static C:\Users\James1515\Desktop\elevator_project\elevator.asm
                   REPETE   0x00000b    program     static C:\Users\James1515\Desktop\elevator_project\elevator.asm
             SEGUNDOANDAR   0x00002b    program     static C:\Users\James1515\Desktop\elevator_project\elevator.asm
                      TER   0x000016    program     static C:\Users\James1515\Desktop\elevator_project\elevator.asm
            TERCEIROANDAR   0x00003e    program     static C:\Users\James1515\Desktop\elevator_project\elevator.asm



                              Symbols - Sorted by Address
                     Name    Address   Location    Storage File                     
                ---------  ---------  ---------  --------- ---------                
                   INICIO   0x000001    program     static C:\Users\James1515\Desktop\elevator_project\elevator.asm
                   REPETE   0x00000b    program     static C:\Users\James1515\Desktop\elevator_project\elevator.asm
                      TER   0x000016    program     static C:\Users\James1515\Desktop\elevator_project\elevator.asm
            PRIMEIROANDAR   0x00001e    program     static C:\Users\James1515\Desktop\elevator_project\elevator.asm
             SEGUNDOANDAR   0x00002b    program     static C:\Users\James1515\Desktop\elevator_project\elevator.asm
            TERCEIROANDAR   0x00003e    program     static C:\Users\James1515\Desktop\elevator_project\elevator.asm
              QUARTOANDAR   0x000057    program     static C:\Users\James1515\Desktop\elevator_project\elevator.asm
                   ATRASO   0x000076    program     static C:\Users\James1515\Desktop\elevator_project\elevator.asm
                  ATRASO1   0x00007c    program     static C:\Users\James1515\Desktop\elevator_project\elevator.asm
                  ATRASO2   0x000080    program     static C:\Users\James1515\Desktop\elevator_project\elevator.asm
                  ATRASO3   0x000083    program     static C:\Users\James1515\Desktop\elevator_project\elevator.asm


