MPLINK 4.35, Linker
Linker Map File - Created Tue May 28 11:25:51 2019

                                 Section Info
                  Section       Type    Address   Location Size(Bytes)
                ---------  ---------  ---------  ---------  ---------
                   .org_0       code   0x000000    program   0x000162
                   .cinit    romdata   0x0000b1    program   0x000004
  .config_2007_ELEVATOR.O       code   0x002007    program   0x000002



                              Program Memory Usage 
                               Start         End      
                           ---------   ---------      
                            0x000000    0x0000b2      
                            0x002007    0x002007      
            180 out of 2183 program addresses used, program memory utilization is 8%



                              Symbols - Sorted by Name
                     Name    Address   Location    Storage File                     
                ---------  ---------  ---------  --------- ---------                
                   ATRASO   0x0000a1    program     static C:\Users\1517901_ins\Documents\pic\PIC\elevator_project\elevator.asm
                  ATRASO1   0x0000a7    program     static C:\Users\1517901_ins\Documents\pic\PIC\elevator_project\elevator.asm
                  ATRASO2   0x0000ab    program     static C:\Users\1517901_ins\Documents\pic\PIC\elevator_project\elevator.asm
                  ATRASO3   0x0000ae    program     static C:\Users\1517901_ins\Documents\pic\PIC\elevator_project\elevator.asm
                   INICIO   0x000001    program     static C:\Users\1517901_ins\Documents\pic\PIC\elevator_project\elevator.asm
              PRESSIONADO   0x00007d    program     static C:\Users\1517901_ins\Documents\pic\PIC\elevator_project\elevator.asm
            PRIMEIROANDAR   0x000025    program     static C:\Users\1517901_ins\Documents\pic\PIC\elevator_project\elevator.asm
              QUARTOANDAR   0x00005e    program     static C:\Users\1517901_ins\Documents\pic\PIC\elevator_project\elevator.asm
                   REPETE   0x00000b    program     static C:\Users\1517901_ins\Documents\pic\PIC\elevator_project\elevator.asm
             SEGUNDOANDAR   0x000032    program     static C:\Users\1517901_ins\Documents\pic\PIC\elevator_project\elevator.asm
                      TER   0x00001d    program     static C:\Users\1517901_ins\Documents\pic\PIC\elevator_project\elevator.asm
            TERCEIROANDAR   0x000045    program     static C:\Users\1517901_ins\Documents\pic\PIC\elevator_project\elevator.asm



                              Symbols - Sorted by Address
                     Name    Address   Location    Storage File                     
                ---------  ---------  ---------  --------- ---------                
                   INICIO   0x000001    program     static C:\Users\1517901_ins\Documents\pic\PIC\elevator_project\elevator.asm
                   REPETE   0x00000b    program     static C:\Users\1517901_ins\Documents\pic\PIC\elevator_project\elevator.asm
                      TER   0x00001d    program     static C:\Users\1517901_ins\Documents\pic\PIC\elevator_project\elevator.asm
            PRIMEIROANDAR   0x000025    program     static C:\Users\1517901_ins\Documents\pic\PIC\elevator_project\elevator.asm
             SEGUNDOANDAR   0x000032    program     static C:\Users\1517901_ins\Documents\pic\PIC\elevator_project\elevator.asm
            TERCEIROANDAR   0x000045    program     static C:\Users\1517901_ins\Documents\pic\PIC\elevator_project\elevator.asm
              QUARTOANDAR   0x00005e    program     static C:\Users\1517901_ins\Documents\pic\PIC\elevator_project\elevator.asm
              PRESSIONADO   0x00007d    program     static C:\Users\1517901_ins\Documents\pic\PIC\elevator_project\elevator.asm
                   ATRASO   0x0000a1    program     static C:\Users\1517901_ins\Documents\pic\PIC\elevator_project\elevator.asm
                  ATRASO1   0x0000a7    program     static C:\Users\1517901_ins\Documents\pic\PIC\elevator_project\elevator.asm
                  ATRASO2   0x0000ab    program     static C:\Users\1517901_ins\Documents\pic\PIC\elevator_project\elevator.asm
                  ATRASO3   0x0000ae    program     static C:\Users\1517901_ins\Documents\pic\PIC\elevator_project\elevator.asm


