MPASM  5.35                      ELEVATOR.ASM   6-4-2019  0:27:16         PAGE  1


LOC  OBJECT CODE     LINE SOURCE TEXT
  VALUE

                      00001 ;************** TRABALHIN ZIKA (help) GGEZ *****************
Warning[205]: Found directive in column 1. (LIST)
                      00002 LIST   P=PIC16F628A
Warning[205]: Found directive in column 1. (RADIX)
                      00003 RADIX DEC       
                      00004 #INCLUDE <P16F628A.INC>
                      00001         LIST
                      00002 ; P16F628A.INC  Standard Header File, Version 1.10    Microchip Technology, Inc.
                      00265         LIST
                      00266 
2007   3F10           00005         __CONFIG H'3F10'
                      00006 
                      00007         CBLOCK  0x20    ;ENDEREÇO INICIAL DA MEMÓRIA DE
                      00008                                         ;USUÁRIO
  00000020            00009         CONTADOR1
  00000021            00010         CONTADOR2
  00000022            00011         CONTADOR3
  00000023            00012         CONTADOR_BOTAO1
  00000024            00013         CONTADOR_BOTAO2
                      00014 
                      00015         ENDC                    ;FIM DO BLOCO DE MEMÓRIA        
                      00016 
                      00017         #DEFINE BOTAO PORTA,2 ;PORTA DO BOTÃO
                      00018                                           ; 0 -> PRESSIONADO
                      00019                                           ; 1 -> LIBERADO
                      00020 
                      00021         #DEFINE TERREO PORTB,0  ;PORTA DO LED TERREO
                      00022                                         ; 0 -> APAGADO
                      00023                                         ; 1 -> ACESO    
                      00024 
                      00025         #DEFINE PRIMEIRO PORTB,1        ;PORTA DO LED PRIMEIRO ANDAR
                      00026                                         ; 0 -> APAGADO
                      00027                                         ; 1 -> ACESO    
                      00028 
                      00029         #DEFINE SEGUNDO PORTB,2 ;PORTA DO LED SEGUNDO ANDAR
                      00030                                         ; 0 -> APAGADO
                      00031                                         ; 1 -> ACESO    
                      00032 
                      00033         #DEFINE TERCEIRO PORTB,3        ;PORTA DO LED TERCEIRO ANDAR
                      00034                                         ; 0 -> APAGADO
                      00035                                         ; 1 -> ACESO    
                      00036 
                      00037         #DEFINE QUARTO PORTB,4  ;PORTA DO LED QUARTO ANDAR
                      00038                                         ; 0 -> APAGADO
                      00039                                         ; 1 -> ACESO    
                      00040 
                      00041         #DEFINE CONTROLE PORTB,5 ;PORTA DO LED CONTROLE
                      00042                                         ; 0 -> APAGADO
                      00043                                         ; 1 -> ACESO    
                      00044         #DEFINE PRESSIONADO PORTB,6 ; LED QUE INDICA QUE O BOTÃO FOI PRESSIONADO
                      00045                                         ; 0 -> APAGADO
                      00046                                         ; 1 -> ACESO    
                      00047         
MPASM  5.35                      ELEVATOR.ASM   6-4-2019  0:27:16         PAGE  2


LOC  OBJECT CODE     LINE SOURCE TEXT
  VALUE

0000                  00048         ORG     0x00            ;ENDEREÇO INICIAL DE PROCESSAMENTO
0000   2801           00049         GOTO    INICIO
                      00050                 
0001                  00051 INICIO
0001   1306           00052         BCF             PRESSIONADO
0002   0185           00053         CLRF    PORTA           ;LIMPA O PORTA
0003   0186           00054         CLRF    PORTB           ;LIMPA O PORTB
0004   1683           00055         BSF STATUS, RP0                 ;ALTERA PARA O BANCO 1
0005   3004           00056         MOVLW   B'00000100'
Message[302]: Register in operand not in bank 0.  Ensure that bank bits are correct.
0006   0085           00057         MOVWF   TRISA           ;DEFINE RA2 COMO ENTRADA E DEMAIS COMO SAÍDAS
Message[302]: Register in operand not in bank 0.  Ensure that bank bits are correct.
0007   0186           00058         CLRF    TRISB           ;DEFINE TODO O PORTB COMO SAÍDA
0008   018B           00059         CLRF    INTCON          ;TODAS AS INTERRUPÇÕES DESLIGADAS
0009   1283           00060         BCF STATUS, RP0 ;RETORNA PARA O BANCO 0
000A   3007           00061         MOVLW   B'00000111'
000B   009F           00062         MOVWF   CMCON           ;DEFINE O MODO DO COMPARADOR ANALÓGICO
                      00063 
000C                  00064 REPETE
000C   201E           00065         CALL TER
                      00066         ;TESTA SE O BOTÃO FOI PRESSIONADO, SE SIM VAI PARA O TERREO
000D   1B06           00067         BTFSC PRESSIONADO
000E   280C           00068         GOTO REPETE
                      00069         
000F   2027           00070         CALL PRIMEIROANDAR
                      00071         ;TESTA SE O BOTÃO FOI PRESSIONADO, SE SIM VAI PARA O TERREO
0010   1B06           00072         BTFSC PRESSIONADO
0011   280C           00073         GOTO REPETE
                      00074 
0012   2035           00075         CALL SEGUNDOANDAR
                      00076         ;TESTA SE O BOTÃO FOI PRESSIONADO, SE SIM VAI PARA O PRIMEIRO_ANDAR
0013   1B06           00077         BTFSC PRESSIONADO
0014   281B           00078         GOTO PRIMEIRO_ANDAR
                      00079         
0015   2049           00080         CALL TERCEIROANDAR
                      00081         ;TESTA SE O BOTÃO FOI PRESSIONADO, SE SIM VAI PARA O SEGUNDO_ANDAR
0016   1B06           00082         BTFSC PRESSIONADO
0017   281A           00083         GOTO SEGUNDO_ANDAR
                      00084 
0018   2063           00085         CALL QUARTOANDAR
                      00086         ;TESTA SE O BOTÃO FOI PRESSIONADO, SE SIM VAI PARA O TERCEIRO_ANDAR, NESSE CASO NÃO IRÁ PRECISAR
                             DESVIAR, APENAS CONTINUAR PARA BAIXO
                      00087 
0019                  00088 TERCEIRO_ANDAR
0019   2049           00089         CALL TERCEIROANDAR
001A                  00090 SEGUNDO_ANDAR
001A   2035           00091         CALL SEGUNDOANDAR
001B                  00092 PRIMEIRO_ANDAR
001B   2027           00093         CALL PRIMEIROANDAR
001C   201E           00094         CALL TER
001D   280C           00095         GOTO REPETE 
                      00096 
001E                  00097 TER
MPASM  5.35                      ELEVATOR.ASM   6-4-2019  0:27:16         PAGE  3


LOC  OBJECT CODE     LINE SOURCE TEXT
  VALUE

001E   1306           00098         BCF PRESSIONADO ;LIMPA O BOTÃO DE PRESSIONADO
001F   1406           00099         BSF TERREO
0020   1686           00100         BSF CONTROLE
0021   2083           00101         CALL ATRASO ;DELAY DE 1S
0022   1286           00102         BCF CONTROLE
0023   2083           00103         CALL ATRASO ;DELAY DE 1S
0024   1006           00104         BCF TERREO
0025   1686           00105         BSF CONTROLE
0026   0008           00106         RETURN
                      00107 
0027                  00108 PRIMEIROANDAR
0027   1306           00109         BCF PRESSIONADO ;LIMPA O BOTÃO DE PRESSIONADO
0028   1486           00110         BSF PRIMEIRO
0029   2083           00111         CALL ATRASO ;DELAY DE 1S
002A   1286           00112         BCF CONTROLE
002B   2083           00113         CALL ATRASO ;DELAY DE 1S
002C   1086           00114         BCF PRIMEIRO
002D   1686           00115         BSF CONTROLE
002E   1486           00116         BSF PRIMEIRO
002F   2083           00117         CALL ATRASO ;DELAY DE 1S
0030   1286           00118         BCF CONTROLE
0031   2083           00119         CALL ATRASO ;DELAY DE 1S
0032   1086           00120         BCF PRIMEIRO
0033   1686           00121         BSF CONTROLE
0034   0008           00122         RETURN
                      00123 
0035                  00124 SEGUNDOANDAR
0035   1306           00125         BCF PRESSIONADO ;LIMPA O BOTÃO DE PRESSIONADO
0036   1506           00126         BSF SEGUNDO
0037   2083           00127         CALL ATRASO ;DELAY DE 1S
0038   1286           00128         BCF CONTROLE
0039   2083           00129         CALL ATRASO ;DELAY DE 1S
003A   1106           00130         BCF SEGUNDO
003B   1686           00131         BSF CONTROLE
003C   1506           00132         BSF SEGUNDO
003D   2083           00133         CALL ATRASO ;DELAY DE 1S
003E   1286           00134         BCF CONTROLE
003F   2083           00135         CALL ATRASO ;DELAY DE 1S
0040   1106           00136         BCF SEGUNDO
0041   1686           00137         BSF CONTROLE
0042   1506           00138         BSF SEGUNDO
0043   2083           00139         CALL ATRASO ;DELAY DE 1S
0044   1286           00140         BCF CONTROLE
0045   2083           00141         CALL ATRASO ;DELAY DE 1S
0046   1106           00142         BCF SEGUNDO
0047   1686           00143         BSF CONTROLE
0048   0008           00144         RETURN
                      00145 
0049                  00146 TERCEIROANDAR
0049   1306           00147         BCF PRESSIONADO ;LIMPA O BOTÃO DE PRESSIONADO
004A   1586           00148         BSF TERCEIRO
004B   2083           00149         CALL ATRASO ;DELAY DE 1S
004C   1286           00150         BCF CONTROLE
MPASM  5.35                      ELEVATOR.ASM   6-4-2019  0:27:16         PAGE  4


LOC  OBJECT CODE     LINE SOURCE TEXT
  VALUE

004D   2083           00151         CALL ATRASO ;DELAY DE 1S
004E   1186           00152         BCF TERCEIRO
004F   1686           00153         BSF CONTROLE
0050   1586           00154         BSF TERCEIRO
0051   2083           00155         CALL ATRASO ;DELAY DE 1S
0052   1286           00156         BCF CONTROLE
0053   2083           00157         CALL ATRASO ;DELAY DE 1S
0054   1186           00158         BCF TERCEIRO
0055   1686           00159         BSF CONTROLE
0056   1586           00160         BSF TERCEIRO
0057   2083           00161         CALL ATRASO ;DELAY DE 1S
0058   1286           00162         BCF CONTROLE
0059   2083           00163         CALL ATRASO ;DELAY DE 1S
005A   1186           00164         BCF TERCEIRO
005B   1686           00165         BSF CONTROLE
005C   1586           00166         BSF TERCEIRO
005D   2083           00167         CALL ATRASO ;DELAY DE 1S
005E   1286           00168         BCF CONTROLE
005F   2083           00169         CALL ATRASO ;DELAY DE 1S
0060   1186           00170         BCF TERCEIRO
0061   1686           00171         BSF CONTROLE
0062   0008           00172         RETURN
                      00173 
0063                  00174 QUARTOANDAR
0063   1306           00175         BCF PRESSIONADO ;LIMPA O BOTÃO DE PRESSIONADO
0064   1606           00176         BSF QUARTO
0065   2083           00177         CALL ATRASO ;DELAY DE 1S
0066   1286           00178         BCF CONTROLE
0067   2083           00179         CALL ATRASO ;DELAY DE 1S
0068   1206           00180         BCF QUARTO
0069   1686           00181         BSF CONTROLE
006A   1606           00182         BSF QUARTO
006B   2083           00183         CALL ATRASO ;DELAY DE 1S
006C   1286           00184         BCF CONTROLE
006D   2083           00185         CALL ATRASO ;DELAY DE 1S
006E   1206           00186         BCF QUARTO
006F   1686           00187         BSF CONTROLE
0070   1606           00188         BSF QUARTO
0071   2083           00189         CALL ATRASO ;DELAY DE 1S
0072   1286           00190         BCF CONTROLE
0073   2083           00191         CALL ATRASO ;DELAY DE 1S
0074   1206           00192         BCF QUARTO
0075   1686           00193         BSF CONTROLE
0076   1606           00194         BSF QUARTO
0077   2083           00195         CALL ATRASO ;DELAY DE 1S
0078   1286           00196         BCF CONTROLE
0079   2083           00197         CALL ATRASO ;DELAY DE 1S
007A   1206           00198         BCF QUARTO
007B   1686           00199         BSF CONTROLE
007C   1606           00200         BSF QUARTO
007D   2083           00201         CALL ATRASO ;DELAY DE 1S
007E   1286           00202         BCF CONTROLE
007F   2083           00203         CALL ATRASO ;DELAY DE 1S
MPASM  5.35                      ELEVATOR.ASM   6-4-2019  0:27:16         PAGE  5


LOC  OBJECT CODE     LINE SOURCE TEXT
  VALUE

0080   1206           00204         BCF QUARTO
0081   1686           00205         BSF CONTROLE
0082   0008           00206         RETURN
                      00207 
0083                  00208 ATRASO
                      00209         ;BTFSC PRESSIONADO ;SE O LED DE PRESSIONADO ESTIVER EM 1 NÃO TESTA SE O BOTÃO ESTÁ PRESSIONADO  
                                            
                      00210         ;RETURN
                      00211         ;SETAR CONTADORES ;O PRIMEIRO COMENTARIO QUE VALE A ULTIMA IMPLEMENTAÇÃO        
0083   3019           00212         MOVLW   25      ;3 ;7
0084   00A0           00213         MOVWF   CONTADOR1
                      00214         ;;MOVLW 5 ;25 ;22
                      00215         ;;MOVWF CONTADOR2
                      00216         ;;MOVLW   2 ;15;67
                      00217         ;;MOVWF CONTADOR3
0085   0000           00218         NOP ;NOP PARA DEBUG
                      00219 
0086                  00220 ATRASO1                         
0086   1F06           00221         BTFSS PRESSIONADO ;SE O LED DE PRESSIONADO ESTIVER EM 1 NÃO TESTA SE O BOTÃO ESTÁ PRESSIONADO
0087   2095           00222         CALL TESTAR_BOTAO
Message[305]: Using default destination of 1 (file).
0088   0BA0           00223         DECFSZ  CONTADOR1 ;TESTAR SE CONTADOR1 < 0
0089   2886           00224         GOTO ATRASO1
                      00225 
008A   0008           00226         RETURN ;RETORNAR PARA ONDE O ATRASO FOI CHAMADO
                      00227 
008B                  00228 ATRASO2
008B   1F06           00229         BTFSS PRESSIONADO ;SE O LED DE PRESSIONADO ESTIVER EM 1 NÃO TESTA SE O BOTÃO ESTÁ PRESSIONADO
008C   2095           00230         CALL TESTAR_BOTAO
Message[305]: Using default destination of 1 (file).
008D   0BA1           00231         DECFSZ CONTADOR2 ;TESTAR SE CONTADOR1 < 0
008E   2890           00232         GOTO ATRASO3 ;ATRASO2
008F   2886           00233         GOTO ATRASO1
                      00234 
0090                  00235 ATRASO3
0090   1F06           00236         BTFSS PRESSIONADO ;SE O LED DE PRESSIONADO ESTIVER EM 1 NÃO TESTA SE O BOTÃO ESTÁ PRESSIONADO
0091   2095           00237         CALL TESTAR_BOTAO
Message[305]: Using default destination of 1 (file).
0092   0BA2           00238         DECFSZ CONTADOR3 ;TESTAR SE CONTADOR1 < 0
0093   2890           00239         GOTO ATRASO3
0094   288B           00240         GOTO ATRASO2    
                      00241         
0095                  00242 TESTAR_BOTAO
0095   1905           00243         BTFSC   BOTAO           ;O BOTÃO ESTÁ PRESSIONADO?
0096   28A3           00244         GOTO    ATRASO_BOTAO ; NAO, FAZ UM ATRASO DE 30MSECS E VOLTA ONDE FOI CHAMADO
0097   2899           00245         GOTO    BOTAO_PRESSIONADO       ;SIM, ENTÃO TRATA BOTÃO PRESSIONADO
0098                  00246 CONTINUA
0098   0008           00247         RETURN
                      00248 
0099                  00249 BOTAO_PRESSIONADO
0099   1706           00250         BSF PRESSIONADO
                      00251         ;CALL ATRASO
                      00252         ;CALL ATRASO
MPASM  5.35                      ELEVATOR.ASM   6-4-2019  0:27:16         PAGE  6


LOC  OBJECT CODE     LINE SOURCE TEXT
  VALUE

009A   20AD           00253         CALL ATRASO_PRESSIONADO
009B   20AD           00254         CALL ATRASO_PRESSIONADO
                      00255         ;;ESSES CONTADORES SÃO SETADOS EM 1 PARA QUANDO VOLTAREM PRO SEUS ATRASO ELES SERÃO DECREMENTADO
                            S EM 1, VIRARÃO 0 E SAIRÃO DO LOOP
009C   3001           00256         MOVLW   1       ;3 ;7
009D   00A0           00257         MOVWF   CONTADOR1
009E   3001           00258         MOVLW   1 ;25 ;22
009F   00A1           00259         MOVWF   CONTADOR2
00A0   3001           00260         MOVLW   1 ;15;67
00A1   00A2           00261         MOVWF   CONTADOR3
00A2   2898           00262         GOTO CONTINUA ;VOLTA DE ONDE CHAMOU, QUE IRÁ VOLTAR PARA OS ATRASOS E SAIR
                      00263 
                      00264 ;;ATRASO DO BOTÃO DE 30MSECS
00A3                  00265 ATRASO_BOTAO
00A3   3035           00266         MOVLW   53 ;40 ;54
00A4   00A3           00267         MOVWF   CONTADOR_BOTAO1
00A5   30CA           00268         MOVLW   202 ;40 ;1
00A6   00A4           00269         MOVWF   CONTADOR_BOTAO2
                      00270         
00A7                  00271 ATRASO_BOTAO1
Message[305]: Using default destination of 1 (file).
00A7   0BA3           00272         DECFSZ CONTADOR_BOTAO1 ;TESTAR SE CONTADOR1 < 0
00A8   28AA           00273         GOTO ATRASO_BOTAO2
00A9   2898           00274         GOTO CONTINUA ;RETORNO PARA ONDE FOI CHAMADO
                      00275 
00AA                  00276 ATRASO_BOTAO2
Message[305]: Using default destination of 1 (file).
00AA   0BA4           00277         DECFSZ CONTADOR_BOTAO2 ;TESTAR SE CONTADOR1 < 0
00AB   28AA           00278         GOTO ATRASO_BOTAO2
00AC   28A7           00279         GOTO ATRASO_BOTAO1
                      00280 
                      00281 ;;ATRASO PARA QUANDO O BOTÃO ESTÁ PRESSIONADO
00AD                  00282 ATRASO_PRESSIONADO
                      00283         ;SETAR CONTADORES 
                      00284         ;O PRIMEIRO COMENTARIO QUE VALE A ULTIMA IMPLEMENTAÇÃO  
00AD   3007           00285         MOVLW   7       ;3 ;7
00AE   00A0           00286         MOVWF   CONTADOR1
00AF   3016           00287         MOVLW   22 ;25 ;22
00B0   00A1           00288         MOVWF   CONTADOR2
00B1   3044           00289         MOVLW   68 ;15;67
00B2   00A2           00290         MOVWF   CONTADOR3
                      00291 ;       NOP ;NOP PARA DEBUG
                      00292 
00B3                  00293 ATRASO_PRESSIONADO1                             
Message[305]: Using default destination of 1 (file).
00B3   0BA0           00294         DECFSZ  CONTADOR1 ;TESTAR SE CONTADOR1 < 0
00B4   28B6           00295         GOTO ATRASO_PRESSIONADO2
                      00296 
00B5   0008           00297         RETURN ;RETORNAR PARA ONDE O ATRASO FOI CHAMADO
                      00298 
00B6                  00299 ATRASO_PRESSIONADO2
Message[305]: Using default destination of 1 (file).
00B6   0BA1           00300         DECFSZ CONTADOR2 ;TESTAR SE CONTADOR1 < 0
MPASM  5.35                      ELEVATOR.ASM   6-4-2019  0:27:16         PAGE  7


LOC  OBJECT CODE     LINE SOURCE TEXT
  VALUE

00B7   28B9           00301         GOTO ATRASO_PRESSIONADO3
00B8   28B3           00302         GOTO ATRASO_PRESSIONADO1
                      00303 
00B9                  00304 ATRASO_PRESSIONADO3
Message[305]: Using default destination of 1 (file).
00B9   0BA2           00305         DECFSZ CONTADOR3 ;TESTAR SE CONTADOR1 < 0
00BA   28B9           00306         GOTO ATRASO_PRESSIONADO3
00BB   28B6           00307         GOTO ATRASO_PRESSIONADO2
                      00308 
Warning[205]: Found directive in column 1. (END)
                      00309 END
MPASM  5.35                      ELEVATOR.ASM   6-4-2019  0:27:16         PAGE  8


SYMBOL TABLE
  LABEL                             VALUE 

ADEN                              00000003
ATRASO                            00000083
ATRASO1                           00000086
ATRASO2                           0000008B
ATRASO3                           00000090
ATRASO_BOTAO                      000000A3
ATRASO_BOTAO1                     000000A7
ATRASO_BOTAO2                     000000AA
ATRASO_PRESSIONADO                000000AD
ATRASO_PRESSIONADO1               000000B3
ATRASO_PRESSIONADO2               000000B6
ATRASO_PRESSIONADO3               000000B9
BOTAO                             PORTA,2
BOTAO_PRESSIONADO                 00000099
BRGH                              00000002
C                                 00000000
C1INV                             00000004
C1OUT                             00000006
C2INV                             00000005
C2OUT                             00000007
CCP1CON                           00000017
CCP1IE                            00000002
CCP1IF                            00000002
CCP1M0                            00000000
CCP1M1                            00000001
CCP1M2                            00000002
CCP1M3                            00000003
CCP1X                             00000005
CCP1Y                             00000004
CCPR1H                            00000016
CCPR1L                            00000015
CIS                               00000003
CM0                               00000000
CM1                               00000001
CM2                               00000002
CMCON                             0000001F
CMIE                              00000006
CMIF                              00000006
CONTADOR1                         00000020
CONTADOR2                         00000021
CONTADOR3                         00000022
CONTADOR_BOTAO1                   00000023
CONTADOR_BOTAO2                   00000024
CONTINUA                          00000098
CONTROLE                          PORTB,5
CREN                              00000004
CSRC                              00000007
DC                                00000001
EEADR                             0000009B
EECON1                            0000009C
EECON2                            0000009D
EEDATA                            0000009A
EEIE                              00000007
MPASM  5.35                      ELEVATOR.ASM   6-4-2019  0:27:16         PAGE  9


SYMBOL TABLE
  LABEL                             VALUE 

EEIF                              00000007
F                                 00000001
FERR                              00000002
FSR                               00000004
GIE                               00000007
INDF                              00000000
INICIO                            00000001
INTCON                            0000000B
INTE                              00000004
INTEDG                            00000006
INTF                              00000001
IRP                               00000007
NOT_BO                            00000000
NOT_BOD                           00000000
NOT_BOR                           00000000
NOT_PD                            00000003
NOT_POR                           00000001
NOT_RBPU                          00000007
NOT_T1SYNC                        00000002
NOT_TO                            00000004
OERR                              00000001
OPTION_REG                        00000081
OSCF                              00000003
PCL                               00000002
PCLATH                            0000000A
PCON                              0000008E
PEIE                              00000006
PIE1                              0000008C
PIR1                              0000000C
PORTA                             00000005
PORTB                             00000006
PR2                               00000092
PRESSIONADO                       PORTB,6
PRIMEIRO                          PORTB,1
PRIMEIROANDAR                     00000027
PRIMEIRO_ANDAR                    0000001B
PS0                               00000000
PS1                               00000001
PS2                               00000002
PSA                               00000003
QUARTO                            PORTB,4
QUARTOANDAR                       00000063
RBIE                              00000003
RBIF                              00000000
RCIE                              00000005
RCIF                              00000005
RCREG                             0000001A
RCSTA                             00000018
RD                                00000000
REPETE                            0000000C
RP0                               00000005
RP1                               00000006
RX9                               00000006
MPASM  5.35                      ELEVATOR.ASM   6-4-2019  0:27:16         PAGE 10


SYMBOL TABLE
  LABEL                             VALUE 

RX9D                              00000000
SEGUNDO                           PORTB,2
SEGUNDOANDAR                      00000035
SEGUNDO_ANDAR                     0000001A
SPBRG                             00000099
SPEN                              00000007
SREN                              00000005
STATUS                            00000003
SYNC                              00000004
T0CS                              00000005
T0IE                              00000005
T0IF                              00000002
T0SE                              00000004
T1CKPS0                           00000004
T1CKPS1                           00000005
T1CON                             00000010
T1OSCEN                           00000003
T2CKPS0                           00000000
T2CKPS1                           00000001
T2CON                             00000012
TER                               0000001E
TERCEIRO                          PORTB,3
TERCEIROANDAR                     00000049
TERCEIRO_ANDAR                    00000019
TERREO                            PORTB,0
TESTAR_BOTAO                      00000095
TMR0                              00000001
TMR1CS                            00000001
TMR1H                             0000000F
TMR1IE                            00000000
TMR1IF                            00000000
TMR1L                             0000000E
TMR1ON                            00000000
TMR2                              00000011
TMR2IE                            00000001
TMR2IF                            00000001
TMR2ON                            00000002
TOUTPS0                           00000003
TOUTPS1                           00000004
TOUTPS2                           00000005
TOUTPS3                           00000006
TRISA                             00000085
TRISB                             00000086
TRMT                              00000001
TX9                               00000006
TX9D                              00000000
TXEN                              00000005
TXIE                              00000004
TXIF                              00000004
TXREG                             00000019
TXSTA                             00000098
VR0                               00000000
VR1                               00000001
MPASM  5.35                      ELEVATOR.ASM   6-4-2019  0:27:16         PAGE 11


SYMBOL TABLE
  LABEL                             VALUE 

VR2                               00000002
VR3                               00000003
VRCON                             0000009F
VREN                              00000007
VROE                              00000006
VRR                               00000005
W                                 00000000
WR                                00000001
WREN                              00000002
WRERR                             00000003
Z                                 00000002
_BODEN_OFF                        00003FBF
_BODEN_ON                         00003FFF
_BOREN_OFF                        00003FBF
_BOREN_ON                         00003FFF
_CP_OFF                           00003FFF
_CP_ON                            00001FFF
_DATA_CP_OFF                      00003FFF
_DATA_CP_ON                       00003EFF
_ER_OSC_CLKOUT                    00003FFF
_ER_OSC_NOCLKOUT                  00003FFE
_EXTCLK_OSC                       00003FEF
_HS_OSC                           00003FEE
_INTOSC_OSC_CLKOUT                00003FFD
_INTOSC_OSC_NOCLKOUT              00003FFC
_INTRC_OSC_CLKOUT                 00003FFD
_INTRC_OSC_NOCLKOUT               00003FFC
_LP_OSC                           00003FEC
_LVP_OFF                          00003F7F
_LVP_ON                           00003FFF
_MCLRE_OFF                        00003FDF
_MCLRE_ON                         00003FFF
_PWRTE_OFF                        00003FFF
_PWRTE_ON                         00003FF7
_RC_OSC_CLKOUT                    00003FFF
_RC_OSC_NOCLKOUT                  00003FFE
_WDT_OFF                          00003FFB
_WDT_ON                           00003FFF
_XT_OSC                           00003FED
__16F628A                         00000001
__DEBUG                           1
MPASM  5.35                      ELEVATOR.ASM   6-4-2019  0:27:16         PAGE 12


MEMORY USAGE MAP ('X' = Used,  '-' = Unused)


0000 : XXXXXXXXXXXXXXXX XXXXXXXXXXXXXXXX XXXXXXXXXXXXXXXX XXXXXXXXXXXXXXXX
0040 : XXXXXXXXXXXXXXXX XXXXXXXXXXXXXXXX XXXXXXXXXXXXXXXX XXXXXXXXXXXXXXXX
0080 : XXXXXXXXXXXXXXXX XXXXXXXXXXXXXXXX XXXXXXXXXXXXXXXX XXXXXXXXXXXX----
2000 : -------X-------- ---------------- ---------------- ----------------

All other memory blocks unused.

Program Memory Words Used:   188
Program Memory Words Free:  1860


Errors   :     0
Warnings :     3 reported,     0 suppressed
Messages :    10 reported,     0 suppressed

