MPASM  5.35                      ELEVATOR.ASM   6-5-2019  20:13:52         PAGE  1


LOC  OBJECT CODE     LINE SOURCE TEXT
  VALUE

                      00001 ;************** TRABALHIN ZIKA (help) GGEZ *****************
Warning[205]: Found directive in column 1. (LIST)
                      00002 LIST   P=PIC16F628A
Warning[205]: Found directive in column 1. (RADIX)
                      00003 RADIX DEC       
                      00004 #INCLUDE <P16F628A.INC>
                      00001         LIST
                      00002 ; P16F628A.INC  Standard Header File, Version 1.10    Microchip Technology, Inc.
                      00265         LIST
                      00266 
2007   3F10           00005         __CONFIG H'3F10'
                      00006 
                      00007         CBLOCK  0x20    ;ENDEREÇO INICIAL DA MEMÓRIA DE
                      00008                                         ;USUÁRIO
  00000020            00009         CONTADOR1
  00000021            00010         CONTADOR2
  00000022            00011         CONTADOR3
  00000023            00012         CONTADOR_BOTAO1
  00000024            00013         CONTADOR_BOTAO2
                      00014 
                      00015         ENDC                    ;FIM DO BLOCO DE MEMÓRIA        
                      00016 
                      00017         #DEFINE BOTAO PORTA,2 ;PORTA DO BOTÃO
                      00018                                           ; 0 -> PRESSIONADO
                      00019                                           ; 1 -> LIBERADO
                      00020 
                      00021         #DEFINE TERREO PORTB,0  ;PORTA DO LED TERREO
                      00022                                         ; 0 -> APAGADO
                      00023                                         ; 1 -> ACESO    
                      00024 
                      00025         #DEFINE PRIMEIRO PORTB,1        ;PORTA DO LED PRIMEIRO ANDAR
                      00026                                         ; 0 -> APAGADO
                      00027                                         ; 1 -> ACESO    
                      00028 
                      00029         #DEFINE SEGUNDO PORTB,2 ;PORTA DO LED SEGUNDO ANDAR
                      00030                                         ; 0 -> APAGADO
                      00031                                         ; 1 -> ACESO    
                      00032 
                      00033         #DEFINE TERCEIRO PORTB,3        ;PORTA DO LED TERCEIRO ANDAR
                      00034                                         ; 0 -> APAGADO
                      00035                                         ; 1 -> ACESO    
                      00036 
                      00037         #DEFINE QUARTO PORTB,4  ;PORTA DO LED QUARTO ANDAR
                      00038                                         ; 0 -> APAGADO
                      00039                                         ; 1 -> ACESO    
                      00040 
                      00041         #DEFINE CONTROLE PORTB,5 ;PORTA DO LED CONTROLE
                      00042                                         ; 0 -> APAGADO
                      00043                                         ; 1 -> ACESO    
                      00044         #DEFINE PRESSIONADO PORTB,6 ; LED QUE INDICA QUE O BOTÃO FOI PRESSIONADO
                      00045                                         ; 0 -> APAGADO
                      00046                                         ; 1 -> ACESO    
                      00047         
MPASM  5.35                      ELEVATOR.ASM   6-5-2019  20:13:52         PAGE  2


LOC  OBJECT CODE     LINE SOURCE TEXT
  VALUE

0000                  00048         ORG     0x00            ;ENDEREÇO INICIAL DE PROCESSAMENTO
0000   2801           00049         GOTO    INICIO
                      00050                 
0001                  00051 INICIO
0001   1306           00052         BCF             PRESSIONADO
0002   0185           00053         CLRF    PORTA           ;LIMPA O PORTA
0003   0186           00054         CLRF    PORTB           ;LIMPA O PORTB
0004   1683           00055         BSF STATUS, RP0                 ;ALTERA PARA O BANCO 1
0005   3004           00056         MOVLW   B'00000100'
Message[302]: Register in operand not in bank 0.  Ensure that bank bits are correct.
0006   0085           00057         MOVWF   TRISA           ;DEFINE RA2 COMO ENTRADA E DEMAIS COMO SAÍDAS
Message[302]: Register in operand not in bank 0.  Ensure that bank bits are correct.
0007   0186           00058         CLRF    TRISB           ;DEFINE TODO O PORTB COMO SAÍDA
0008   018B           00059         CLRF    INTCON          ;TODAS AS INTERRUPÇÕES DESLIGADAS
0009   1283           00060         BCF STATUS, RP0 ;RETORNA PARA O BANCO 0
000A   3007           00061         MOVLW   B'00000111'
000B   009F           00062         MOVWF   CMCON           ;DEFINE O MODO DO COMPARADOR ANALÓGICO
                      00063 
000C                  00064 REPETE
000C   201C           00065         CALL TER
                      00066         ;TESTA SE O BOTÃO FOI PRESSIONADO, SE SIM VAI PARA O TERREO
000D   1B06           00067         BTFSC PRESSIONADO
000E   2881           00068         GOTO TERREO_EMERGENCIA
                      00069         
000F   2025           00070         CALL PRIMEIROANDAR
                      00071         ;TESTA SE O BOTÃO FOI PRESSIONADO, SE SIM VAI PARA O TERREO
0010   1B06           00072         BTFSC PRESSIONADO
0011   2881           00073         GOTO TERREO_EMERGENCIA
                      00074 
0012   2033           00075         CALL SEGUNDOANDAR
                      00076         ;TESTA SE O BOTÃO FOI PRESSIONADO, SE SIM VAI PARA O PRIMEIRO_ANDAR
0013   1B06           00077         BTFSC PRESSIONADO
0014   289B           00078         GOTO PRIMEIRO_EMERGENCIA
                      00079         
0015   2047           00080         CALL TERCEIROANDAR
                      00081         ;TESTA SE O BOTÃO FOI PRESSIONADO, SE SIM VAI PARA O SEGUNDO_ANDAR
0016   1B06           00082         BTFSC PRESSIONADO
0017   28A4           00083         GOTO SEGUNDO_EMERGENCIA
                      00084 
0018   2061           00085         CALL QUARTOANDAR
                      00086         ;TESTA SE O BOTÃO FOI PRESSIONADO, SE SIM VAI PARA O TERCEIRO_ANDAR, NESSE CASO NÃO IRÁ PRECISAR
                             DESVIAR, APENAS CONTINUAR PARA BAIXO
0019   1B06           00087         BTFSC PRESSIONADO
001A   28AD           00088         GOTO TERCEIRO_EMERGENCIA
                      00089         
001B   280C           00090         GOTO REPETE 
                      00091 
001C                  00092 TER
001C   1306           00093         BCF PRESSIONADO ;LIMPA O BOTÃO DE PRESSIONADO
001D   1406           00094         BSF TERREO
001E   1686           00095         BSF CONTROLE
001F   20B6           00096         CALL ATRASO ;DELAY DE 1S
0020   1286           00097         BCF CONTROLE
MPASM  5.35                      ELEVATOR.ASM   6-5-2019  20:13:52         PAGE  3


LOC  OBJECT CODE     LINE SOURCE TEXT
  VALUE

0021   20B6           00098         CALL ATRASO ;DELAY DE 1S
0022   1006           00099         BCF TERREO
0023   1686           00100         BSF CONTROLE
0024   0008           00101         RETURN
                      00102 
0025                  00103 PRIMEIROANDAR
0025   1306           00104         BCF PRESSIONADO ;LIMPA O BOTÃO DE PRESSIONADO
0026   1486           00105         BSF PRIMEIRO
0027   20B6           00106         CALL ATRASO ;DELAY DE 1S
0028   1286           00107         BCF CONTROLE
0029   20B6           00108         CALL ATRASO ;DELAY DE 1S
002A   1086           00109         BCF PRIMEIRO
002B   1686           00110         BSF CONTROLE
002C   1486           00111         BSF PRIMEIRO
002D   20B6           00112         CALL ATRASO ;DELAY DE 1S
002E   1286           00113         BCF CONTROLE
002F   20B6           00114         CALL ATRASO ;DELAY DE 1S
0030   1086           00115         BCF PRIMEIRO
0031   1686           00116         BSF CONTROLE
0032   0008           00117         RETURN
                      00118 
0033                  00119 SEGUNDOANDAR
0033   1306           00120         BCF PRESSIONADO ;LIMPA O BOTÃO DE PRESSIONADO
0034   1506           00121         BSF SEGUNDO
0035   20B6           00122         CALL ATRASO ;DELAY DE 1S
0036   1286           00123         BCF CONTROLE
0037   20B6           00124         CALL ATRASO ;DELAY DE 1S
0038   1106           00125         BCF SEGUNDO
0039   1686           00126         BSF CONTROLE
003A   1506           00127         BSF SEGUNDO
003B   20B6           00128         CALL ATRASO ;DELAY DE 1S
003C   1286           00129         BCF CONTROLE
003D   20B6           00130         CALL ATRASO ;DELAY DE 1S
003E   1106           00131         BCF SEGUNDO
003F   1686           00132         BSF CONTROLE
0040   1506           00133         BSF SEGUNDO
0041   20B6           00134         CALL ATRASO ;DELAY DE 1S
0042   1286           00135         BCF CONTROLE
0043   20B6           00136         CALL ATRASO ;DELAY DE 1S
0044   1106           00137         BCF SEGUNDO
0045   1686           00138         BSF CONTROLE
0046   0008           00139         RETURN
                      00140 
0047                  00141 TERCEIROANDAR
0047   1306           00142         BCF PRESSIONADO ;LIMPA O BOTÃO DE PRESSIONADO
0048   1586           00143         BSF TERCEIRO
0049   20B6           00144         CALL ATRASO ;DELAY DE 1S
004A   1286           00145         BCF CONTROLE
004B   20B6           00146         CALL ATRASO ;DELAY DE 1S
004C   1186           00147         BCF TERCEIRO
004D   1686           00148         BSF CONTROLE
004E   1586           00149         BSF TERCEIRO
004F   20B6           00150         CALL ATRASO ;DELAY DE 1S
MPASM  5.35                      ELEVATOR.ASM   6-5-2019  20:13:52         PAGE  4


LOC  OBJECT CODE     LINE SOURCE TEXT
  VALUE

0050   1286           00151         BCF CONTROLE
0051   20B6           00152         CALL ATRASO ;DELAY DE 1S
0052   1186           00153         BCF TERCEIRO
0053   1686           00154         BSF CONTROLE
0054   1586           00155         BSF TERCEIRO
0055   20B6           00156         CALL ATRASO ;DELAY DE 1S
0056   1286           00157         BCF CONTROLE
0057   20B6           00158         CALL ATRASO ;DELAY DE 1S
0058   1186           00159         BCF TERCEIRO
0059   1686           00160         BSF CONTROLE
005A   1586           00161         BSF TERCEIRO
005B   20B6           00162         CALL ATRASO ;DELAY DE 1S
005C   1286           00163         BCF CONTROLE
005D   20B6           00164         CALL ATRASO ;DELAY DE 1S
005E   1186           00165         BCF TERCEIRO
005F   1686           00166         BSF CONTROLE
0060   0008           00167         RETURN
                      00168 
0061                  00169 QUARTOANDAR
0061   1306           00170         BCF PRESSIONADO ;LIMPA O BOTÃO DE PRESSIONADO
0062   1606           00171         BSF QUARTO
0063   20B6           00172         CALL ATRASO ;DELAY DE 1S
0064   1286           00173         BCF CONTROLE
0065   20B6           00174         CALL ATRASO ;DELAY DE 1S
0066   1206           00175         BCF QUARTO
0067   1686           00176         BSF CONTROLE
0068   1606           00177         BSF QUARTO
0069   20B6           00178         CALL ATRASO ;DELAY DE 1S
006A   1286           00179         BCF CONTROLE
006B   20B6           00180         CALL ATRASO ;DELAY DE 1S
006C   1206           00181         BCF QUARTO
006D   1686           00182         BSF CONTROLE
006E   1606           00183         BSF QUARTO
006F   20B6           00184         CALL ATRASO ;DELAY DE 1S
0070   1286           00185         BCF CONTROLE
0071   20B6           00186         CALL ATRASO ;DELAY DE 1S
0072   1206           00187         BCF QUARTO
0073   1686           00188         BSF CONTROLE
0074   1606           00189         BSF QUARTO
0075   20B6           00190         CALL ATRASO ;DELAY DE 1S
0076   1286           00191         BCF CONTROLE
0077   20B6           00192         CALL ATRASO ;DELAY DE 1S
0078   1206           00193         BCF QUARTO
0079   1686           00194         BSF CONTROLE
007A   1606           00195         BSF QUARTO
007B   20B6           00196         CALL ATRASO ;DELAY DE 1S
007C   1286           00197         BCF CONTROLE
007D   20B6           00198         CALL ATRASO ;DELAY DE 1S
007E   1206           00199         BCF QUARTO
007F   1686           00200         BSF CONTROLE
0080   0008           00201         RETURN
                      00202 
0081                  00203 TERREO_EMERGENCIA
MPASM  5.35                      ELEVATOR.ASM   6-5-2019  20:13:52         PAGE  5


LOC  OBJECT CODE     LINE SOURCE TEXT
  VALUE

0081   1306           00204         BCF PRESSIONADO
0082   1406           00205         BSF TERREO
0083   20B6           00206         CALL ATRASO ;DELAY DE 1S
0084   1286           00207         BCF CONTROLE
0085   20B6           00208         CALL ATRASO ;DELAY DE 1S
0086   1006           00209         BCF TERREO
0087   1686           00210         BSF CONTROLE
0088   1406           00211         BSF TERREO
0089   20B6           00212         CALL ATRASO ;DELAY DE 1S
008A   1286           00213         BCF CONTROLE
008B   20B6           00214         CALL ATRASO ;DELAY DE 1S
008C   1006           00215         BCF TERREO
008D   1686           00216         BSF CONTROLE
008E   1406           00217         BSF TERREO
008F   20B6           00218         CALL ATRASO ;DELAY DE 1S
0090   1286           00219         BCF CONTROLE
0091   20B6           00220         CALL ATRASO ;DELAY DE 1S
0092   1006           00221         BCF TERREO
0093   1686           00222         BSF CONTROLE
0094   1406           00223         BSF TERREO
0095   20B6           00224         CALL ATRASO ;DELAY DE 1S
0096   1286           00225         BCF CONTROLE
0097   20B6           00226         CALL ATRASO ;DELAY DE 1S
0098   1006           00227         BCF TERREO
0099   1686           00228         BSF CONTROLE
009A   280C           00229         GOTO REPETE
                      00230 
009B                  00231 PRIMEIRO_EMERGENCIA
009B   1306           00232         BCF PRESSIONADO ;LIMPA O BOTÃO DE PRESSIONADO
009C   1486           00233         BSF PRIMEIRO
009D   1686           00234         BSF CONTROLE
009E   20B6           00235         CALL ATRASO ;DELAY DE 1S
009F   1286           00236         BCF CONTROLE
00A0   20B6           00237         CALL ATRASO ;DELAY DE 1S
00A1   1086           00238         BCF PRIMEIRO
00A2   1686           00239         BSF CONTROLE
00A3   2881           00240         GOTO TERREO_EMERGENCIA
                      00241 
00A4                  00242 SEGUNDO_EMERGENCIA
00A4   1306           00243         BCF PRESSIONADO ;LIMPA O BOTÃO DE PRESSIONADO
00A5   1506           00244         BSF SEGUNDO
00A6   1686           00245         BSF CONTROLE
00A7   20B6           00246         CALL ATRASO ;DELAY DE 1S
00A8   1286           00247         BCF CONTROLE
00A9   20B6           00248         CALL ATRASO ;DELAY DE 1S
00AA   1106           00249         BCF SEGUNDO
00AB   1686           00250         BSF CONTROLE
00AC   289B           00251         GOTO PRIMEIRO_EMERGENCIA
                      00252 
00AD                  00253 TERCEIRO_EMERGENCIA
00AD   1306           00254         BCF PRESSIONADO ;LIMPA O BOTÃO DE PRESSIONADO
00AE   1586           00255         BSF TERCEIRO
00AF   1686           00256         BSF CONTROLE
MPASM  5.35                      ELEVATOR.ASM   6-5-2019  20:13:52         PAGE  6


LOC  OBJECT CODE     LINE SOURCE TEXT
  VALUE

00B0   20B6           00257         CALL ATRASO ;DELAY DE 1S
00B1   1286           00258         BCF CONTROLE
00B2   20B6           00259         CALL ATRASO ;DELAY DE 1S
00B3   1186           00260         BCF TERCEIRO
00B4   1686           00261         BSF CONTROLE
00B5   28A4           00262         GOTO SEGUNDO_EMERGENCIA
                      00263         
00B6                  00264 ATRASO
                      00265         ;BTFSC PRESSIONADO ;SE O LED DE PRESSIONADO ESTIVER EM 1 NÃO TESTA SE O BOTÃO ESTÁ PRESSIONADO  
                                            
                      00266         ;RETURN
                      00267         ;SETAR CONTADORES ;O PRIMEIRO COMENTARIO QUE VALE A ULTIMA IMPLEMENTAÇÃO        
00B6   3019           00268         MOVLW   25      ;3 ;7
00B7   00A0           00269         MOVWF   CONTADOR1
                      00270         ;;MOVLW 5 ;25 ;22
                      00271         ;;MOVWF CONTADOR2
                      00272         ;;MOVLW   2 ;15;67
                      00273         ;;MOVWF CONTADOR3
00B8   0000           00274         NOP ;NOP PARA DEBUG
                      00275 
00B9                  00276 ATRASO1                         
00B9   1F06           00277         BTFSS PRESSIONADO ;SE O LED DE PRESSIONADO ESTIVER EM 1 NÃO TESTA SE O BOTÃO ESTÁ PRESSIONADO
00BA   20C8           00278         CALL TESTAR_BOTAO
Message[305]: Using default destination of 1 (file).
00BB   0BA0           00279         DECFSZ  CONTADOR1 ;TESTAR SE CONTADOR1 < 0
00BC   28B9           00280         GOTO ATRASO1
                      00281 
00BD   0008           00282         RETURN ;RETORNAR PARA ONDE O ATRASO FOI CHAMADO
                      00283 
00BE                  00284 ATRASO2
00BE   1F06           00285         BTFSS PRESSIONADO ;SE O LED DE PRESSIONADO ESTIVER EM 1 NÃO TESTA SE O BOTÃO ESTÁ PRESSIONADO
00BF   20C8           00286         CALL TESTAR_BOTAO
Message[305]: Using default destination of 1 (file).
00C0   0BA1           00287         DECFSZ CONTADOR2 ;TESTAR SE CONTADOR1 < 0
00C1   28C3           00288         GOTO ATRASO3 ;ATRASO2
00C2   28B9           00289         GOTO ATRASO1
                      00290 
00C3                  00291 ATRASO3
00C3   1F06           00292         BTFSS PRESSIONADO ;SE O LED DE PRESSIONADO ESTIVER EM 1 NÃO TESTA SE O BOTÃO ESTÁ PRESSIONADO
00C4   20C8           00293         CALL TESTAR_BOTAO
Message[305]: Using default destination of 1 (file).
00C5   0BA2           00294         DECFSZ CONTADOR3 ;TESTAR SE CONTADOR1 < 0
00C6   28C3           00295         GOTO ATRASO3
00C7   28BE           00296         GOTO ATRASO2    
                      00297         
00C8                  00298 TESTAR_BOTAO
00C8   1905           00299         BTFSC   BOTAO           ;O BOTÃO ESTÁ PRESSIONADO?
00C9   28D8           00300         GOTO    ATRASO_BOTAO ; NAO, FAZ UM ATRASO DE 30MSECS E VOLTA ONDE FOI CHAMADO
00CA   28CC           00301         GOTO    BOTAO_PRESSIONADO       ;SIM, ENTÃO TRATA BOTÃO PRESSIONADO
00CB                  00302 CONTINUA
00CB   0008           00303         RETURN
                      00304 
00CC                  00305 BOTAO_PRESSIONADO
MPASM  5.35                      ELEVATOR.ASM   6-5-2019  20:13:52         PAGE  7


LOC  OBJECT CODE     LINE SOURCE TEXT
  VALUE

00CC   1706           00306         BSF PRESSIONADO
00CD   1686           00307         BSF CONTROLE
00CE   20E2           00308         CALL ATRASO_PRESSIONADO
00CF   1286           00309         BCF CONTROLE
00D0   20E2           00310         CALL ATRASO_PRESSIONADO
                      00311         ;;ESSES CONTADORES SÃO SETADOS EM 1 PARA QUANDO VOLTAREM PRO SEUS ATRASO ELES SERÃO DECREMENTADO
                            S EM 1, VIRARÃO 0 E SAIRÃO DO LOOP
00D1   3001           00312         MOVLW   1       ;3 ;7
00D2   00A0           00313         MOVWF   CONTADOR1
00D3   3001           00314         MOVLW   1 ;25 ;22
00D4   00A1           00315         MOVWF   CONTADOR2
00D5   3001           00316         MOVLW   1 ;15;67
00D6   00A2           00317         MOVWF   CONTADOR3
00D7   28CB           00318         GOTO CONTINUA ;VOLTA DE ONDE CHAMOU, QUE IRÁ VOLTAR PARA OS ATRASOS E SAIR
                      00319 
                      00320 ;;ATRASO DO BOTÃO DE 30MSECS
00D8                  00321 ATRASO_BOTAO
00D8   3035           00322         MOVLW   53 ;40 ;54
00D9   00A3           00323         MOVWF   CONTADOR_BOTAO1
00DA   30CA           00324         MOVLW   202 ;40 ;1
00DB   00A4           00325         MOVWF   CONTADOR_BOTAO2
                      00326         
00DC                  00327 ATRASO_BOTAO1
Message[305]: Using default destination of 1 (file).
00DC   0BA3           00328         DECFSZ CONTADOR_BOTAO1 ;TESTAR SE CONTADOR1 < 0
00DD   28DF           00329         GOTO ATRASO_BOTAO2
00DE   28CB           00330         GOTO CONTINUA ;RETORNO PARA ONDE FOI CHAMADO
                      00331 
00DF                  00332 ATRASO_BOTAO2
Message[305]: Using default destination of 1 (file).
00DF   0BA4           00333         DECFSZ CONTADOR_BOTAO2 ;TESTAR SE CONTADOR1 < 0
00E0   28DF           00334         GOTO ATRASO_BOTAO2
00E1   28DC           00335         GOTO ATRASO_BOTAO1
                      00336 
                      00337 ;;ATRASO PARA QUANDO O BOTÃO ESTÁ PRESSIONADO
00E2                  00338 ATRASO_PRESSIONADO
                      00339         ;SETAR CONTADORES 
                      00340         ;O PRIMEIRO COMENTARIO QUE VALE A ULTIMA IMPLEMENTAÇÃO  
00E2   3007           00341         MOVLW   7       ;3 ;7
00E3   00A0           00342         MOVWF   CONTADOR1
00E4   3016           00343         MOVLW   22 ;25 ;22
00E5   00A1           00344         MOVWF   CONTADOR2
00E6   3044           00345         MOVLW   68 ;15;67
00E7   00A2           00346         MOVWF   CONTADOR3
                      00347 ;       NOP ;NOP PARA DEBUG
                      00348 
00E8                  00349 ATRASO_PRESSIONADO1                             
Message[305]: Using default destination of 1 (file).
00E8   0BA0           00350         DECFSZ  CONTADOR1 ;TESTAR SE CONTADOR1 < 0
00E9   28EB           00351         GOTO ATRASO_PRESSIONADO2
                      00352 
00EA   0008           00353         RETURN ;RETORNAR PARA ONDE O ATRASO FOI CHAMADO
                      00354 
MPASM  5.35                      ELEVATOR.ASM   6-5-2019  20:13:52         PAGE  8


LOC  OBJECT CODE     LINE SOURCE TEXT
  VALUE

00EB                  00355 ATRASO_PRESSIONADO2
Message[305]: Using default destination of 1 (file).
00EB   0BA1           00356         DECFSZ CONTADOR2 ;TESTAR SE CONTADOR1 < 0
00EC   28EE           00357         GOTO ATRASO_PRESSIONADO3
00ED   28E8           00358         GOTO ATRASO_PRESSIONADO1
                      00359 
00EE                  00360 ATRASO_PRESSIONADO3
Message[305]: Using default destination of 1 (file).
00EE   0BA2           00361         DECFSZ CONTADOR3 ;TESTAR SE CONTADOR1 < 0
00EF   28EE           00362         GOTO ATRASO_PRESSIONADO3
00F0   28EB           00363         GOTO ATRASO_PRESSIONADO2
                      00364 
Warning[205]: Found directive in column 1. (END)
                      00365 END
MPASM  5.35                      ELEVATOR.ASM   6-5-2019  20:13:52         PAGE  9


SYMBOL TABLE
  LABEL                             VALUE 

ADEN                              00000003
ATRASO                            000000B6
ATRASO1                           000000B9
ATRASO2                           000000BE
ATRASO3                           000000C3
ATRASO_BOTAO                      000000D8
ATRASO_BOTAO1                     000000DC
ATRASO_BOTAO2                     000000DF
ATRASO_PRESSIONADO                000000E2
ATRASO_PRESSIONADO1               000000E8
ATRASO_PRESSIONADO2               000000EB
ATRASO_PRESSIONADO3               000000EE
BOTAO                             PORTA,2
BOTAO_PRESSIONADO                 000000CC
BRGH                              00000002
C                                 00000000
C1INV                             00000004
C1OUT                             00000006
C2INV                             00000005
C2OUT                             00000007
CCP1CON                           00000017
CCP1IE                            00000002
CCP1IF                            00000002
CCP1M0                            00000000
CCP1M1                            00000001
CCP1M2                            00000002
CCP1M3                            00000003
CCP1X                             00000005
CCP1Y                             00000004
CCPR1H                            00000016
CCPR1L                            00000015
CIS                               00000003
CM0                               00000000
CM1                               00000001
CM2                               00000002
CMCON                             0000001F
CMIE                              00000006
CMIF                              00000006
CONTADOR1                         00000020
CONTADOR2                         00000021
CONTADOR3                         00000022
CONTADOR_BOTAO1                   00000023
CONTADOR_BOTAO2                   00000024
CONTINUA                          000000CB
CONTROLE                          PORTB,5
CREN                              00000004
CSRC                              00000007
DC                                00000001
EEADR                             0000009B
EECON1                            0000009C
EECON2                            0000009D
EEDATA                            0000009A
EEIE                              00000007
MPASM  5.35                      ELEVATOR.ASM   6-5-2019  20:13:52         PAGE 10


SYMBOL TABLE
  LABEL                             VALUE 

EEIF                              00000007
F                                 00000001
FERR                              00000002
FSR                               00000004
GIE                               00000007
INDF                              00000000
INICIO                            00000001
INTCON                            0000000B
INTE                              00000004
INTEDG                            00000006
INTF                              00000001
IRP                               00000007
NOT_BO                            00000000
NOT_BOD                           00000000
NOT_BOR                           00000000
NOT_PD                            00000003
NOT_POR                           00000001
NOT_RBPU                          00000007
NOT_T1SYNC                        00000002
NOT_TO                            00000004
OERR                              00000001
OPTION_REG                        00000081
OSCF                              00000003
PCL                               00000002
PCLATH                            0000000A
PCON                              0000008E
PEIE                              00000006
PIE1                              0000008C
PIR1                              0000000C
PORTA                             00000005
PORTB                             00000006
PR2                               00000092
PRESSIONADO                       PORTB,6
PRIMEIRO                          PORTB,1
PRIMEIROANDAR                     00000025
PRIMEIRO_EMERGENCIA               0000009B
PS0                               00000000
PS1                               00000001
PS2                               00000002
PSA                               00000003
QUARTO                            PORTB,4
QUARTOANDAR                       00000061
RBIE                              00000003
RBIF                              00000000
RCIE                              00000005
RCIF                              00000005
RCREG                             0000001A
RCSTA                             00000018
RD                                00000000
REPETE                            0000000C
RP0                               00000005
RP1                               00000006
RX9                               00000006
MPASM  5.35                      ELEVATOR.ASM   6-5-2019  20:13:52         PAGE 11


SYMBOL TABLE
  LABEL                             VALUE 

RX9D                              00000000
SEGUNDO                           PORTB,2
SEGUNDOANDAR                      00000033
SEGUNDO_EMERGENCIA                000000A4
SPBRG                             00000099
SPEN                              00000007
SREN                              00000005
STATUS                            00000003
SYNC                              00000004
T0CS                              00000005
T0IE                              00000005
T0IF                              00000002
T0SE                              00000004
T1CKPS0                           00000004
T1CKPS1                           00000005
T1CON                             00000010
T1OSCEN                           00000003
T2CKPS0                           00000000
T2CKPS1                           00000001
T2CON                             00000012
TER                               0000001C
TERCEIRO                          PORTB,3
TERCEIROANDAR                     00000047
TERCEIRO_EMERGENCIA               000000AD
TERREO                            PORTB,0
TERREO_EMERGENCIA                 00000081
TESTAR_BOTAO                      000000C8
TMR0                              00000001
TMR1CS                            00000001
TMR1H                             0000000F
TMR1IE                            00000000
TMR1IF                            00000000
TMR1L                             0000000E
TMR1ON                            00000000
TMR2                              00000011
TMR2IE                            00000001
TMR2IF                            00000001
TMR2ON                            00000002
TOUTPS0                           00000003
TOUTPS1                           00000004
TOUTPS2                           00000005
TOUTPS3                           00000006
TRISA                             00000085
TRISB                             00000086
TRMT                              00000001
TX9                               00000006
TX9D                              00000000
TXEN                              00000005
TXIE                              00000004
TXIF                              00000004
TXREG                             00000019
TXSTA                             00000098
VR0                               00000000
MPASM  5.35                      ELEVATOR.ASM   6-5-2019  20:13:52         PAGE 12


SYMBOL TABLE
  LABEL                             VALUE 

VR1                               00000001
VR2                               00000002
VR3                               00000003
VRCON                             0000009F
VREN                              00000007
VROE                              00000006
VRR                               00000005
W                                 00000000
WR                                00000001
WREN                              00000002
WRERR                             00000003
Z                                 00000002
_BODEN_OFF                        00003FBF
_BODEN_ON                         00003FFF
_BOREN_OFF                        00003FBF
_BOREN_ON                         00003FFF
_CP_OFF                           00003FFF
_CP_ON                            00001FFF
_DATA_CP_OFF                      00003FFF
_DATA_CP_ON                       00003EFF
_ER_OSC_CLKOUT                    00003FFF
_ER_OSC_NOCLKOUT                  00003FFE
_EXTCLK_OSC                       00003FEF
_HS_OSC                           00003FEE
_INTOSC_OSC_CLKOUT                00003FFD
_INTOSC_OSC_NOCLKOUT              00003FFC
_INTRC_OSC_CLKOUT                 00003FFD
_INTRC_OSC_NOCLKOUT               00003FFC
_LP_OSC                           00003FEC
_LVP_OFF                          00003F7F
_LVP_ON                           00003FFF
_MCLRE_OFF                        00003FDF
_MCLRE_ON                         00003FFF
_PWRTE_OFF                        00003FFF
_PWRTE_ON                         00003FF7
_RC_OSC_CLKOUT                    00003FFF
_RC_OSC_NOCLKOUT                  00003FFE
_WDT_OFF                          00003FFB
_WDT_ON                           00003FFF
_XT_OSC                           00003FED
__16F628A                         00000001
__DEBUG                           1
MPASM  5.35                      ELEVATOR.ASM   6-5-2019  20:13:52         PAGE 13


MEMORY USAGE MAP ('X' = Used,  '-' = Unused)


0000 : XXXXXXXXXXXXXXXX XXXXXXXXXXXXXXXX XXXXXXXXXXXXXXXX XXXXXXXXXXXXXXXX
0040 : XXXXXXXXXXXXXXXX XXXXXXXXXXXXXXXX XXXXXXXXXXXXXXXX XXXXXXXXXXXXXXXX
0080 : XXXXXXXXXXXXXXXX XXXXXXXXXXXXXXXX XXXXXXXXXXXXXXXX XXXXXXXXXXXXXXXX
00C0 : XXXXXXXXXXXXXXXX XXXXXXXXXXXXXXXX XXXXXXXXXXXXXXXX X---------------
2000 : -------X-------- ---------------- ---------------- ----------------

All other memory blocks unused.

Program Memory Words Used:   241
Program Memory Words Free:  1807


Errors   :     0
Warnings :     3 reported,     0 suppressed
Messages :    10 reported,     0 suppressed

